2026-05-25 15:38:26,653 - ERROR - Error: The resume file at sample_resume.txt was not found.
2026-05-25 15:38:26,654 - ERROR - Error: The resume file at fake_resume.txt was not found.
2026-05-25 15:40:55,799 - INFO - Successfully read file: data/raw/sample_resume.txt
2026-05-25 15:40:55,799 - ERROR - Error: The resume file at data/raw/fake_resume.txt was not found.
2026-05-25 16:02:13,923 - ERROR - Error: The resume file at data/sample_resume.txt was not found.
2026-05-25 16:04:12,206 - INFO - Successfully read file: data/raw/sample_resume.txt
2026-05-25 16:05:32,390 - INFO - Successfully read file: data/raw/sample_resume.txt
2026-05-25 16:08:02,321 - INFO - Successfully read file: data/raw/sample_resume.txt
2026-05-25 16:10:20,272 - INFO - Successfully read file: data/raw/sample_resume.txt
2026-05-25 16:12:58,240 - INFO - Successfully read file: data/raw/sample_resume.txt
2026-05-25 16:54:59,745 - INFO - Successfully read file: data/raw/sample_resume.txt
2026-05-25 16:55:40,825 - INFO - Successfully read file: data/raw/sample_resume.txt
2026-05-25 16:57:17,017 - INFO - Successfully read file: data/raw/sample_resume.txt
2026-05-29 14:29:54,085 - INFO - Successfully read file: data\raw\sample_resume.txt
2026-06-06 17:19:46,548 - INFO - Successfully read file: data/raw/sample_resume.txt
2026-06-06 18:49:04,733 - INFO - Successfully read file: data/raw/sample_resume.txt
2026-06-06 18:50:05,692 - INFO - Successfully read file: data/raw/sample_resume.txt
2026-06-06 18:50:05,695 - INFO - Successfully read file: data/raw/sample_resume.txt
2026-06-06 18:52:33,205 - INFO - Successfully read file: data/raw/sample_resume.txt
2026-06-06 18:52:33,207 - INFO - Successfully read file: data/raw/sample_resume.txt
2026-06-06 18:54:23,632 - INFO - Successfully read file: data/raw/sample_resume.txt
2026-06-06 18:54:23,637 - INFO - Successfully read file: data/raw/sample_resume.txt
2026-06-06 18:57:24,601 - INFO - Successfully read file: data/raw/sample_resume.txt
2026-06-06 18:57:24,603 - INFO - Successfully read file: data/raw/sample_resume.txt
2026-06-06 18:58:19,148 - INFO - Successfully read file: data/raw/sample_resume.txt
2026-06-06 18:58:19,150 - INFO - Successfully read file: data/raw/sample_resume.txt
2026-06-06 18:58:48,180 - INFO - Successfully read file: data/raw/sample_resume.txt
2026-06-06 19:13:49,337 - INFO - Processing resume: data/raw/sample_resume.txt
2026-06-06 19:13:49,338 - INFO - Successfully read file: data/raw/sample_resume.txt
2026-06-06 19:13:49,340 - INFO - Candidate pipeline executed and stored successfully.
2026-06-06 19:30:00,620 - INFO - Processing resume workflow started for: data/raw/sample_resume.txt
2026-06-06 19:30:00,621 - INFO - Successfully read file: data/raw/sample_resume.txt
2026-06-06 19:30:00,623 - WARNING - Duplicate candidate skipped to protect database integrity: johndoe@gmail.com
2026-06-06 19:36:19,321 - INFO - Processing resume workflow started for: data/raw/sample_resume.txt
2026-06-06 19:36:19,322 - INFO - Successfully read file: data/raw/sample_resume.txt
2026-06-06 19:36:19,324 - WARNING - Duplicate candidate skipped to protect database integrity: johndoe@gmail.com
2026-07-13 16:52:41,998 - ERROR - Unexpected error: 'utf-8' codec can't decode byte 0x93 in position 10: invalid start byte
2026-07-13 16:57:11,908 - INFO - Successfully read file: data/temp_uploads\resume.txt.txt
2026-07-14 09:56:36,178 - INFO - Successfully read file: data/temp_uploads\resume.txt.txt
2026-07-14 10:44:03,053 - INFO - Successfully read file: data/temp_uploads\resume.txt.txt
2026-07-14 10:47:51,894 - INFO - Successfully read file: data/temp_uploads\resume.txt.txt
2026-07-14 10:48:13,393 - INFO - Successfully read file: data/temp_uploads\resume.txt.txt
2026-07-15 07:09:11,557 - ERROR - [Errno 2] No such file or directory: 'data/raw/sample_resume.pdf'
2026-07-15 07:09:11,559 - ERROR - Error encountered during resume parsing execution: [Errno 2] No such file or directory: 'data/raw/sample_resume.pdf'
2026-07-15 07:12:22,763 - ERROR - [Errno 2] No such file or directory: 'data/raw/sample_resume.pdf'
2026-07-15 07:12:22,764 - ERROR - Error encountered during resume parsing execution: [Errno 2] No such file or directory: 'data/raw/sample_resume.pdf'
2026-08-12 16:00:02,647 - INFO - Processing resume workflow started for: data/raw/sample_resume.txt
2026-08-12 16:00:02,650 - WARNING - Duplicate candidate skipped to protect database integrity: johndoe@gmail.com
2026-08-12 16:39:50,331 - INFO - Processing resume workflow started for: data/raw/sample_resume.txt
2026-08-12 16:39:50,334 - WARNING - Duplicate candidate skipped to protect database integrity: johndoe@gmail.com
2026-08-12 16:39:50,335 - INFO - Processing resume workflow started for: data/raw/candidate_2.txt
2026-08-12 16:39:50,342 - INFO - Successfully saved new candidate record for: kavya@gmail.com
2026-08-12 16:39:50,343 - INFO - Processing resume workflow started for: data/raw/candidate_3.txt
2026-08-12 16:39:50,344 - ERROR - Validation failed for candidate extraction data elements: {'email': 'rohan@gmail.com', 'phone': '9876543213', 'skills': [], 'experience_years': 0, 'project_count': 0, 'certification_count': 0}
2026-08-12 16:39:50,344 - INFO - Processing resume workflow started for: data/raw/candidate_4.txt
2026-08-12 16:39:50,355 - INFO - Successfully saved new candidate record for: neha@gmail.com
2026-08-12 16:39:50,355 - INFO - Processing resume workflow started for: data/raw/candidate_5.txt
2026-08-12 16:39:50,356 - ERROR - [Errno 2] No such file or directory: 'data/raw/candidate_5.txt'
2026-08-12 16:39:50,356 - ERROR - Error encountered during resume parsing execution: [Errno 2] No such file or directory: 'data/raw/candidate_5.txt'
2026-08-12 16:46:24,970 - ERROR - Error reading file data/raw/fake_resume.txt: [Errno 2] No such file or directory: 'data/raw/fake_resume.txt'
2026-08-12 19:32:50,179 - ERROR - Exception in callback _ProactorBasePipeTransport._call_connection_lost()
handle: <Handle _ProactorBasePipeTransport._call_connection_lost()>
Traceback (most recent call last):
  File "C:\ProgramData\anaconda3\Lib\asyncio\events.py", line 89, in _run
    self._context.run(self._callback, *self._args)
    ~~~~~~~~~~~~~~~~~^^^^^^^^^^^^^^^^^^^^^^^^^^^^^
  File "C:\ProgramData\anaconda3\Lib\asyncio\proactor_events.py", line 165, in _call_connection_lost
    self._sock.shutdown(socket.SHUT_RDWR)
    ~~~~~~~~~~~~~~~~~~~^^^^^^^^^^^^^^^^^^
ConnectionResetError: [WinError 10054] An existing connection was forcibly closed by the remote host
